src/components/About.tsx(29,36): error TS7006: Parameter 'project' implicitly has an 'any' type.
src/components/About.tsx(29,45): error TS7006: Parameter 'index' implicitly has an 'any' type.
src/components/RecentNews.tsx(61,45): error TS7006: Parameter 'item' implicitly has an 'any' type.
src/components/RecentNews.tsx(61,51): error TS7006: Parameter 'index' implicitly has an 'any' type.
